{"level":"info","message":"Application is running on: http://localhost:3000","timestamp":"2026-01-07T12:16:28.906Z"}
{"level":"error","message":"[956966be134] POST /1pi/auth/login - Cannot POST /1pi/auth/login","timestamp":"2026-01-07T12:25:40.403Z","trace":"NotFoundException: Cannot POST /1pi/auth/login\n    at callback (/Users/ikhsank6/Proyek/core/nest-react/backend/node_modules/@nestjs/core/router/routes-resolver.js:77:19)\n    at /Users/ikhsank6/Proyek/core/nest-react/backend/node_modules/@nestjs/core/router/router-proxy.js:9:23\n    at Layer.handleRequest (/Users/ikhsank6/Proyek/core/nest-react/backend/node_modules/router/lib/layer.js:152:17)\n    at trimPrefix (/Users/ikhsank6/Proyek/core/nest-react/backend/node_modules/router/index.js:342:13)\n    at /Users/ikhsank6/Proyek/core/nest-react/backend/node_modules/router/index.js:297:9\n    at processParams (/Users/ikhsank6/Proyek/core/nest-react/backend/node_modules/router/index.js:582:12)\n    at next (/Users/ikhsank6/Proyek/core/nest-react/backend/node_modules/router/index.js:291:5)\n    at read (/Users/ikhsank6/Proyek/core/nest-react/backend/node_modules/body-parser/lib/read.js:43:5)\n    at urlencodedParser (/Users/ikhsank6/Proyek/core/nest-react/backend/node_modules/body-parser/lib/types/urlencoded.js:58:5)\n    at Layer.handleRequest (/Users/ikhsank6/Proyek/core/nest-react/backend/node_modules/router/lib/layer.js:152:17)"}
{"level":"info","message":"Application is running on: http://localhost:3000","timestamp":"2026-01-07T12:29:28.701Z"}
{"level":"error","message":"[a6fadbcdd17] GET / - Cannot GET /","timestamp":"2026-01-07T12:36:02.648Z","trace":"NotFoundException: Cannot GET /\n    at callback (/Users/ikhsank6/Proyek/core/nest-react/backend/node_modules/@nestjs/core/router/routes-resolver.js:77:19)\n    at /Users/ikhsank6/Proyek/core/nest-react/backend/node_modules/@nestjs/core/router/router-proxy.js:9:23\n    at Layer.handleRequest (/Users/ikhsank6/Proyek/core/nest-react/backend/node_modules/router/lib/layer.js:152:17)\n    at trimPrefix (/Users/ikhsank6/Proyek/core/nest-react/backend/node_modules/router/index.js:342:13)\n    at /Users/ikhsank6/Proyek/core/nest-react/backend/node_modules/router/index.js:297:9\n    at processParams (/Users/ikhsank6/Proyek/core/nest-react/backend/node_modules/router/index.js:582:12)\n    at next (/Users/ikhsank6/Proyek/core/nest-react/backend/node_modules/router/index.js:291:5)\n    at read (/Users/ikhsank6/Proyek/core/nest-react/backend/node_modules/body-parser/lib/read.js:54:5)\n    at urlencodedParser (/Users/ikhsank6/Proyek/core/nest-react/backend/node_modules/body-parser/lib/types/urlencoded.js:58:5)\n    at Layer.handleRequest (/Users/ikhsank6/Proyek/core/nest-react/backend/node_modules/router/lib/layer.js:152:17)"}
{"level":"error","message":"[e493bed74b2] GET /favicon.ico - Cannot GET /favicon.ico","timestamp":"2026-01-07T12:36:02.759Z","trace":"NotFoundException: Cannot GET /favicon.ico\n    at callback (/Users/ikhsank6/Proyek/core/nest-react/backend/node_modules/@nestjs/core/router/routes-resolver.js:77:19)\n    at /Users/ikhsank6/Proyek/core/nest-react/backend/node_modules/@nestjs/core/router/router-proxy.js:9:23\n    at Layer.handleRequest (/Users/ikhsank6/Proyek/core/nest-react/backend/node_modules/router/lib/layer.js:152:17)\n    at trimPrefix (/Users/ikhsank6/Proyek/core/nest-react/backend/node_modules/router/index.js:342:13)\n    at /Users/ikhsank6/Proyek/core/nest-react/backend/node_modules/router/index.js:297:9\n    at processParams (/Users/ikhsank6/Proyek/core/nest-react/backend/node_modules/router/index.js:582:12)\n    at next (/Users/ikhsank6/Proyek/core/nest-react/backend/node_modules/router/index.js:291:5)\n    at read (/Users/ikhsank6/Proyek/core/nest-react/backend/node_modules/body-parser/lib/read.js:54:5)\n    at urlencodedParser (/Users/ikhsank6/Proyek/core/nest-react/backend/node_modules/body-parser/lib/types/urlencoded.js:58:5)\n    at Layer.handleRequest (/Users/ikhsank6/Proyek/core/nest-react/backend/node_modules/router/lib/layer.js:152:17)"}
{"level":"info","message":"Application is running on: http://localhost:3000","timestamp":"2026-01-07T12:39:01.201Z"}
{"level":"info","message":"Application is running on: http://localhost:3000","timestamp":"2026-01-07T12:39:35.129Z"}
{"level":"info","message":"Swagger docs available at: http://localhost:3000/api/docs","timestamp":"2026-01-07T12:39:35.130Z"}
{"level":"info","message":"Application is running on: http://localhost:3000","timestamp":"2026-01-07T12:39:49.518Z"}
{"level":"info","message":"Swagger docs available at: http://localhost:3000/api/docs","timestamp":"2026-01-07T12:39:49.518Z"}
{"level":"info","message":"Application is running on: http://localhost:3000","timestamp":"2026-01-07T12:40:08.139Z"}
{"level":"info","message":"Swagger docs available at: http://localhost:3000/api/docs","timestamp":"2026-01-07T12:40:08.140Z"}
{"level":"info","message":"Application is running on: http://localhost:3000","timestamp":"2026-01-07T12:40:48.184Z"}
{"level":"info","message":"Swagger docs available at: http://localhost:3000/api/docs","timestamp":"2026-01-07T12:40:48.184Z"}
{"level":"info","message":"Application is running on: http://localhost:3000","timestamp":"2026-01-07T12:41:07.117Z"}
{"level":"info","message":"Swagger docs available at: http://localhost:3000/api/docs","timestamp":"2026-01-07T12:41:07.117Z"}
{"level":"error","message":"[295f27d4546] GET /api/users?page=1&limit=10 - Unauthorized","timestamp":"2026-01-07T12:42:13.328Z","trace":"UnauthorizedException: Unauthorized\n    at JwtAuthGuard.handleRequest (/Users/ikhsank6/Proyek/core/nest-react/backend/node_modules/@nestjs/passport/dist/auth.guard.js:60:30)\n    at /Users/ikhsank6/Proyek/core/nest-react/backend/node_modules/@nestjs/passport/dist/auth.guard.js:44:124\n    at /Users/ikhsank6/Proyek/core/nest-react/backend/node_modules/@nestjs/passport/dist/auth.guard.js:83:24\n    at allFailed (/Users/ikhsank6/Proyek/core/nest-react/backend/node_modules/passport/lib/middleware/authenticate.js:110:18)\n    at attempt (/Users/ikhsank6/Proyek/core/nest-react/backend/node_modules/passport/lib/middleware/authenticate.js:183:28)\n    at strategy.fail (/Users/ikhsank6/Proyek/core/nest-react/backend/node_modules/passport/lib/middleware/authenticate.js:314:9)\n    at JwtStrategy.authenticate (/Users/ikhsank6/Proyek/core/nest-react/backend/node_modules/passport-jwt/lib/strategy.js:96:21)\n    at attempt (/Users/ikhsank6/Proyek/core/nest-react/backend/node_modules/passport/lib/middleware/authenticate.js:378:16)\n    at authenticate (/Users/ikhsank6/Proyek/core/nest-react/backend/node_modules/passport/lib/middleware/authenticate.js:379:7)\n    at /Users/ikhsank6/Proyek/core/nest-react/backend/node_modules/@nestjs/passport/dist/auth.guard.js:88:3"}
{"level":"error","message":"[55ebf74c0f7] GET /api/users?page=1&limit=10 - Unauthorized","timestamp":"2026-01-07T12:43:28.155Z","trace":"UnauthorizedException: Unauthorized\n    at JwtAuthGuard.handleRequest (/Users/ikhsank6/Proyek/core/nest-react/backend/node_modules/@nestjs/passport/dist/auth.guard.js:60:30)\n    at /Users/ikhsank6/Proyek/core/nest-react/backend/node_modules/@nestjs/passport/dist/auth.guard.js:44:124\n    at /Users/ikhsank6/Proyek/core/nest-react/backend/node_modules/@nestjs/passport/dist/auth.guard.js:83:24\n    at allFailed (/Users/ikhsank6/Proyek/core/nest-react/backend/node_modules/passport/lib/middleware/authenticate.js:110:18)\n    at attempt (/Users/ikhsank6/Proyek/core/nest-react/backend/node_modules/passport/lib/middleware/authenticate.js:183:28)\n    at strategy.fail (/Users/ikhsank6/Proyek/core/nest-react/backend/node_modules/passport/lib/middleware/authenticate.js:314:9)\n    at JwtStrategy.authenticate (/Users/ikhsank6/Proyek/core/nest-react/backend/node_modules/passport-jwt/lib/strategy.js:96:21)\n    at attempt (/Users/ikhsank6/Proyek/core/nest-react/backend/node_modules/passport/lib/middleware/authenticate.js:378:16)\n    at authenticate (/Users/ikhsank6/Proyek/core/nest-react/backend/node_modules/passport/lib/middleware/authenticate.js:379:7)\n    at /Users/ikhsank6/Proyek/core/nest-react/backend/node_modules/@nestjs/passport/dist/auth.guard.js:88:3"}
{"level":"info","message":"Application is running on: http://localhost:3000","timestamp":"2026-01-07T12:43:41.696Z"}
{"level":"info","message":"Swagger docs available at: http://localhost:3000/api/docs","timestamp":"2026-01-07T12:43:41.697Z"}
{"level":"info","message":"Application is running on: http://localhost:3000","timestamp":"2026-01-07T12:44:12.066Z"}
{"level":"info","message":"Swagger docs available at: http://localhost:3000/api/docs","timestamp":"2026-01-07T12:44:12.067Z"}
{"level":"info","message":"Application is running on: http://localhost:3000","timestamp":"2026-01-07T12:44:18.801Z"}
{"level":"info","message":"Swagger docs available at: http://localhost:3000/api/docs","timestamp":"2026-01-07T12:44:18.801Z"}
{"level":"info","message":"Application is running on: http://localhost:3000","timestamp":"2026-01-07T12:44:20.859Z"}
{"level":"info","message":"Swagger docs available at: http://localhost:3000/api/docs","timestamp":"2026-01-07T12:44:20.860Z"}
{"level":"info","message":"Application is running on: http://localhost:3000","timestamp":"2026-01-07T12:44:40.436Z"}
{"level":"info","message":"Swagger docs available at: http://localhost:3000/api/docs","timestamp":"2026-01-07T12:44:40.437Z"}
{"level":"error","message":"[3cff306c21a] GET /api/users?page=1&limit=10 - Unauthorized","timestamp":"2026-01-07T12:45:49.222Z","trace":"UnauthorizedException: Unauthorized\n    at JwtAuthGuard.handleRequest (/Users/ikhsank6/Proyek/core/nest-react/backend/node_modules/@nestjs/passport/dist/auth.guard.js:60:30)\n    at /Users/ikhsank6/Proyek/core/nest-react/backend/node_modules/@nestjs/passport/dist/auth.guard.js:44:124\n    at /Users/ikhsank6/Proyek/core/nest-react/backend/node_modules/@nestjs/passport/dist/auth.guard.js:83:24\n    at allFailed (/Users/ikhsank6/Proyek/core/nest-react/backend/node_modules/passport/lib/middleware/authenticate.js:110:18)\n    at attempt (/Users/ikhsank6/Proyek/core/nest-react/backend/node_modules/passport/lib/middleware/authenticate.js:183:28)\n    at strategy.fail (/Users/ikhsank6/Proyek/core/nest-react/backend/node_modules/passport/lib/middleware/authenticate.js:314:9)\n    at JwtStrategy.authenticate (/Users/ikhsank6/Proyek/core/nest-react/backend/node_modules/passport-jwt/lib/strategy.js:96:21)\n    at attempt (/Users/ikhsank6/Proyek/core/nest-react/backend/node_modules/passport/lib/middleware/authenticate.js:378:16)\n    at authenticate (/Users/ikhsank6/Proyek/core/nest-react/backend/node_modules/passport/lib/middleware/authenticate.js:379:7)\n    at /Users/ikhsank6/Proyek/core/nest-react/backend/node_modules/@nestjs/passport/dist/auth.guard.js:88:3"}
{"level":"info","message":"Application is running on: http://localhost:3000","timestamp":"2026-01-07T12:47:15.918Z"}
{"level":"info","message":"Swagger docs available at: http://localhost:3000/api/docs","timestamp":"2026-01-07T12:47:15.918Z"}
{"level":"info","message":"Application is running on: http://localhost:3000","timestamp":"2026-01-07T12:47:46.580Z"}
{"level":"info","message":"Swagger docs available at: http://localhost:3000/api/docs","timestamp":"2026-01-07T12:47:46.581Z"}
{"level":"info","message":"Application is running on: http://localhost:3000","timestamp":"2026-01-07T12:54:35.141Z"}
{"level":"info","message":"Swagger docs available at: http://localhost:3000/api/docs","timestamp":"2026-01-07T12:54:35.142Z"}
{"level":"info","message":"Application is running on: http://localhost:3000","timestamp":"2026-01-07T12:54:36.284Z"}
{"level":"info","message":"Swagger docs available at: http://localhost:3000/api/docs","timestamp":"2026-01-07T12:54:36.285Z"}
{"level":"info","message":"Application is running on: http://localhost:3000","timestamp":"2026-01-07T12:55:01.536Z"}
{"level":"info","message":"Swagger docs available at: http://localhost:3000/api/docs","timestamp":"2026-01-07T12:55:01.537Z"}
{"level":"info","message":"Application is running on: http://localhost:3000","timestamp":"2026-01-07T12:55:03.837Z"}
{"level":"info","message":"Swagger docs available at: http://localhost:3000/api/docs","timestamp":"2026-01-07T12:55:03.838Z"}
{"level":"info","message":"Application is running on: http://localhost:3000","timestamp":"2026-01-07T12:55:52.673Z"}
{"level":"info","message":"Swagger docs available at: http://localhost:3000/api/docs","timestamp":"2026-01-07T12:55:52.674Z"}
{"level":"info","message":"Application is running on: http://localhost:3000","timestamp":"2026-01-07T12:56:47.158Z"}
{"level":"info","message":"Swagger docs available at: http://localhost:3000/api/docs","timestamp":"2026-01-07T12:56:47.158Z"}
{"level":"info","message":"Application is running on: http://localhost:3000","timestamp":"2026-01-07T12:57:09.153Z"}
{"level":"info","message":"Swagger docs available at: http://localhost:3000/api/docs","timestamp":"2026-01-07T12:57:09.154Z"}
{"level":"info","message":"Application is running on: http://localhost:3000","timestamp":"2026-01-07T12:58:11.175Z"}
{"level":"info","message":"Swagger docs available at: http://localhost:3000/api/docs","timestamp":"2026-01-07T12:58:11.175Z"}
{"level":"info","message":"Application is running on: http://localhost:3000","timestamp":"2026-01-07T13:01:24.652Z"}
{"level":"info","message":"Swagger docs available at: http://localhost:3000/api/docs","timestamp":"2026-01-07T13:01:24.653Z"}
{"level":"info","message":"Application is running on: http://localhost:3000","timestamp":"2026-01-07T13:01:55.039Z"}
{"level":"info","message":"Swagger docs available at: http://localhost:3000/api/docs","timestamp":"2026-01-07T13:01:55.040Z"}
{"level":"info","message":"Application is running on: http://localhost:3000","timestamp":"2026-01-07T13:02:46.184Z"}
{"level":"info","message":"Swagger docs available at: http://localhost:3000/api/docs","timestamp":"2026-01-07T13:02:46.185Z"}
{"level":"info","message":"Application is running on: http://localhost:3000","timestamp":"2026-01-07T13:03:17.945Z"}
{"level":"info","message":"Swagger docs available at: http://localhost:3000/api/docs","timestamp":"2026-01-07T13:03:17.946Z"}
{"level":"info","message":"Application is running on: http://localhost:3000","timestamp":"2026-01-07T13:04:41.404Z"}
{"level":"info","message":"Swagger docs available at: http://localhost:3000/api/docs","timestamp":"2026-01-07T13:04:41.404Z"}
{"level":"info","message":"Application is running on: http://localhost:3000","timestamp":"2026-01-07T13:05:04.332Z"}
{"level":"info","message":"Swagger docs available at: http://localhost:3000/api/docs","timestamp":"2026-01-07T13:05:04.332Z"}
{"level":"info","message":"Application is running on: http://localhost:3000","timestamp":"2026-01-07T13:05:35.891Z"}
{"level":"info","message":"Swagger docs available at: http://localhost:3000/api/docs","timestamp":"2026-01-07T13:05:35.892Z"}
{"level":"info","message":"Application is running on: http://localhost:3000","timestamp":"2026-01-07T13:05:51.712Z"}
{"level":"info","message":"Swagger docs available at: http://localhost:3000/api/docs","timestamp":"2026-01-07T13:05:51.713Z"}
{"level":"info","message":"Application is running on: http://localhost:3000","timestamp":"2026-01-07T13:06:05.274Z"}
{"level":"info","message":"Swagger docs available at: http://localhost:3000/api/docs","timestamp":"2026-01-07T13:06:05.275Z"}
{"level":"info","message":"Application is running on: http://localhost:3000","timestamp":"2026-01-07T13:16:03.707Z"}
{"level":"info","message":"Swagger docs available at: http://localhost:3000/api/docs","timestamp":"2026-01-07T13:16:03.708Z"}
{"level":"info","message":"Application is running on: http://localhost:3000","timestamp":"2026-01-07T13:28:02.435Z"}
{"level":"info","message":"Swagger docs available at: http://localhost:3000/api/docs","timestamp":"2026-01-07T13:28:02.436Z"}
{"level":"info","message":"Application is running on: http://localhost:3000","timestamp":"2026-01-07T13:28:41.605Z"}
{"level":"info","message":"Swagger docs available at: http://localhost:3000/api/docs","timestamp":"2026-01-07T13:28:41.606Z"}
{"level":"info","message":"Application is running on: http://localhost:3000","timestamp":"2026-01-07T13:31:28.152Z"}
{"level":"info","message":"Swagger docs available at: http://localhost:3000/api/docs","timestamp":"2026-01-07T13:31:28.153Z"}
{"level":"info","message":"Application is running on: http://localhost:3000","timestamp":"2026-01-07T13:32:03.369Z"}
{"level":"info","message":"Swagger docs available at: http://localhost:3000/api/docs","timestamp":"2026-01-07T13:32:03.369Z"}
{"level":"info","message":"Application is running on: http://localhost:3000","timestamp":"2026-01-07T13:32:37.923Z"}
{"level":"info","message":"Swagger docs available at: http://localhost:3000/api/docs","timestamp":"2026-01-07T13:32:37.923Z"}
{"level":"info","message":"Application is running on: http://localhost:3000","timestamp":"2026-01-07T13:32:52.150Z"}
{"level":"info","message":"Swagger docs available at: http://localhost:3000/api/docs","timestamp":"2026-01-07T13:32:52.150Z"}
{"level":"info","message":"Application is running on: http://localhost:3000","timestamp":"2026-01-07T13:33:09.910Z"}
{"level":"info","message":"Swagger docs available at: http://localhost:3000/api/docs","timestamp":"2026-01-07T13:33:09.910Z"}
{"level":"info","message":"Application is running on: http://localhost:3000","timestamp":"2026-01-07T13:33:20.802Z"}
{"level":"info","message":"Swagger docs available at: http://localhost:3000/api/docs","timestamp":"2026-01-07T13:33:20.803Z"}
{"level":"info","message":"Application is running on: http://localhost:3000","timestamp":"2026-01-07T13:33:43.739Z"}
{"level":"info","message":"Swagger docs available at: http://localhost:3000/api/docs","timestamp":"2026-01-07T13:33:43.740Z"}
{"level":"info","message":"Application is running on: http://localhost:3000","timestamp":"2026-01-07T13:33:56.854Z"}
{"level":"info","message":"Swagger docs available at: http://localhost:3000/api/docs","timestamp":"2026-01-07T13:33:56.855Z"}
